// Jest Snapshot v1, https://goo.gl/fbAQLP

exports[`Test formulario de productos Se debe renderiza correctamente 1`] = `
<div>
  <div
    class="headerEditProduct"
  >
    <img
      alt=""
      src="chevron-right.svg"
    />
    <h2 />
  </div>
  <div
    class="headerEditProduct__btnDeleteContainer"
  >
    <a
      href="/products"
    >
      <button
        class="headerEditProduct__btnDelete"
      >
        ELIMINAR
      </button>
    </a>
  </div>
</div>
`;
