// Jest Snapshot v1, https://goo.gl/fbAQLP

exports[`Test formulario de productos Se debe renderizar correctamente 1`] = `
<div>
  <div
    class="productList__container"
  >
    <div
      class="productList__container__sort"
    >
      <div>
        <i>
          Ordenar por
        </i>
        <select
          class="select-control-products"
          name="category"
        >
          <option
            value="Mayor precio"
          >
            Mayor precio
          </option>
          <option
            value="Menor precio"
          >
            Menor precio
          </option>
          <option
            value="Mas relevantes"
          >
            Mas relevantes
          </option>
          <option
            value="A-Z"
          >
            A-Z
          </option>
        </select>
      </div>
      <i>
        5
         resultados
      </i>
    </div>
    <a
      class="product-card-link"
      href="/products/24"
    >
      <article
        class="main-product__related-product-card"
      >
        <div
          class="main-product__imageAndDesc"
        >
          <div
            class="section-article__image"
          >
            <img
              alt="Imagen de producto"
              class="imagenPrincipal hideImage"
              src="https://dummyjson.com/image/i/products/24/1.jpg"
            />
            <div
              class="spinnerWrapper showSpinner"
            >
              <div
                class="spinnerContainer"
              >
                <div
                  class="lds-ripple"
                >
                  <div />
                  <div />
                </div>
              </div>
            </div>
          </div>
          <div
            class="section-article__desc"
          >
            <div
              class="desc"
            >
              <p>
                cereals muesli fruit nuts
              </p>
            </div>
            <div
              class="section-article__price"
            >
              <p
                class="valorNumerico"
              >
                #
                24
              </p>
            </div>
          </div>
        </div>
        <div
          class="section-article__goToProduct"
        >
          <img
            alt=""
            src="chevron-right-test.svg"
          />
        </div>
      </article>
    </a>
    <a
      class="product-card-link"
      href="/products/23"
    >
      <article
        class="main-product__related-product-card"
      >
        <div
          class="main-product__imageAndDesc"
        >
          <div
            class="section-article__image"
          >
            <img
              alt="Imagen de producto"
              class="imagenPrincipal hideImage"
              src="https://dummyjson.com/image/i/products/23/1.jpg"
            />
            <div
              class="spinnerWrapper showSpinner"
            >
              <div
                class="spinnerContainer"
              >
                <div
                  class="lds-ripple"
                >
                  <div />
                  <div />
                </div>
              </div>
            </div>
          </div>
          <div
            class="section-article__desc"
          >
            <div
              class="desc"
            >
              <p>
                Orange Essence Food Flavou
              </p>
            </div>
            <div
              class="section-article__price"
            >
              <p
                class="valorNumerico"
              >
                #
                23
              </p>
            </div>
          </div>
        </div>
        <div
          class="section-article__goToProduct"
        >
          <img
            alt=""
            src="chevron-right-test.svg"
          />
        </div>
      </article>
    </a>
    <a
      class="product-card-link"
      href="/products/3"
    >
      <article
        class="main-product__related-product-card"
      >
        <div
          class="main-product__imageAndDesc"
        >
          <div
            class="section-article__image"
          >
            <img
              alt="Imagen de producto"
              class="imagenPrincipal hideImage"
              src="no-image.jpeg"
            />
            <div
              class="spinnerWrapper showSpinner"
            >
              <div
                class="spinnerContainer"
              >
                <div
                  class="lds-ripple"
                >
                  <div />
                  <div />
                </div>
              </div>
            </div>
          </div>
          <div
            class="section-article__desc"
          >
            <div
              class="desc"
            >
              <p>
                Samsung Universe 9
              </p>
            </div>
            <div
              class="section-article__price"
            >
              <p
                class="valorNumerico"
              >
                #
                3
              </p>
            </div>
          </div>
        </div>
        <div
          class="section-article__goToProduct"
        >
          <img
            alt=""
            src="chevron-right-test.svg"
          />
        </div>
      </article>
    </a>
    <a
      class="product-card-link"
      href="/products/25"
    >
      <article
        class="main-product__related-product-card"
      >
        <div
          class="main-product__imageAndDesc"
        >
          <div
            class="section-article__image"
          >
            <img
              alt="Imagen de producto"
              class="imagenPrincipal hideImage"
              src="https://dummyjson.com/image/i/products/25/1.png"
            />
            <div
              class="spinnerWrapper showSpinner"
            >
              <div
                class="spinnerContainer"
              >
                <div
                  class="lds-ripple"
                >
                  <div />
                  <div />
                </div>
              </div>
            </div>
          </div>
          <div
            class="section-article__desc"
          >
            <div
              class="desc"
            >
              <p>
                Gulab Powder 50 Gram
              </p>
            </div>
            <div
              class="section-article__price"
            >
              <p
                class="valorNumerico"
              >
                #
                25
              </p>
            </div>
          </div>
        </div>
        <div
          class="section-article__goToProduct"
        >
          <img
            alt=""
            src="chevron-right-test.svg"
          />
        </div>
      </article>
    </a>
    <a
      class="product-card-link"
      href="/products/2"
    >
      <article
        class="main-product__related-product-card"
      >
        <div
          class="main-product__imageAndDesc"
        >
          <div
            class="section-article__image"
          >
            <img
              alt="Imagen de producto"
              class="imagenPrincipal hideImage"
              src="no-image.jpeg"
            />
            <div
              class="spinnerWrapper showSpinner"
            >
              <div
                class="spinnerContainer"
              >
                <div
                  class="lds-ripple"
                >
                  <div />
                  <div />
                </div>
              </div>
            </div>
          </div>
          <div
            class="section-article__desc"
          >
            <div
              class="desc"
            >
              <p>
                iPhone X
              </p>
            </div>
            <div
              class="section-article__price"
            >
              <p
                class="valorNumerico"
              >
                #
                2
              </p>
            </div>
          </div>
        </div>
        <div
          class="section-article__goToProduct"
        >
          <img
            alt=""
            src="chevron-right-test.svg"
          />
        </div>
      </article>
    </a>
  </div>
</div>
`;
